// Jest Snapshot v1, https://goo.gl/fbAQLP

exports[`<ForexContainer /> renders correctly 1`] = `
<div
  className="container"
>
  <div
    className="header"
  >
    <div
      className="row"
    >
      <div
        className="col"
      >
        <p>
          <em>
            USD - United States Dollars
          </em>
        </p>
      </div>
    </div>
    <div
      className="row"
    >
      <div
        className="col"
      >
        <h3>
          USD
        </h3>
      </div>
      <div
        className="col"
      >
        <input
          className="form-control"
          id="baseValueInput"
          name="baseValue"
          onChange={[Function]}
          placeholder="Enter Base Currency Value Here"
          step="any"
          type="number"
          value={10}
        />
      </div>
    </div>
  </div>
  <div
    className="loading"
  >
    Loading...
  </div>
  <div
    className="forex-add-currency"
  >
    <button
      aria-label={null}
      className="btn btn-info btn-block"
      id="addMoreCurrency"
      onClick={[Function]}
      type="button"
    >
      (+) Add More Currencies
    </button>
  </div>
</div>
`;
