// Jest Snapshot v1, https://goo.gl/fbAQLP

exports[`Forex Base Input renders correctly 1`] = `
<div
  className="header"
>
  <div
    className="row"
  >
    <div
      className="col"
    >
      <p>
        <em>
          USD - United States Dollars
        </em>
      </p>
    </div>
  </div>
  <div
    className="row"
  >
    <div
      className="col"
    >
      <h3>
        USD
      </h3>
    </div>
    <div
      className="col"
    >
      <input
        className="form-control"
        min="0"
        name="baseValue"
        onChange={[MockFunction]}
        placeholder="Enter Base Currency Value Here"
        step="any"
        type="number"
        value={10}
      />
    </div>
  </div>
</div>
`;
